// Jest Snapshot v1, https://goo.gl/fbAQLP

exports[`test 1`] = `
<div>
  <h1>
    ALOOOU
  </h1>
</div>
`;
